Last login: Mon Mar  7 10:38:58 on console
(base) saumyamundra@Saumyas-MacBook-Air ~ % cd Documents
(base) saumyamundra@Saumyas-MacBook-Air Documents % mkdir GIT   
(base) saumyamundra@Saumyas-MacBook-Air Documents % cd GIT
(base) saumyamundra@Saumyas-MacBook-Air GIT % git init
hint: Using 'master' as the name for the initial branch. This default branch name
hint: is subject to change. To configure the initial branch name to use in all
hint: of your new repositories, which will suppress this warning, call:
hint: 
hint: 	git config --global init.defaultBranch <name>
hint: 
hint: Names commonly chosen instead of 'master' are 'main', 'trunk' and
hint: 'development'. The just-created branch can be renamed via this command:
hint: 
hint: 	git branch -m <name>
Initialized empty Git repository in /Users/saumyamundra/Documents/GIT/.git/
(base) saumyamundra@Saumyas-MacBook-Air GIT % ls -al
total 0
drwxr-xr-x   3 saumyamundra  staff    96 Mar  7 12:59 .
drwx------@ 84 saumyamundra  staff  2688 Mar  7 12:58 ..
drwxr-xr-x   9 saumyamundra  staff   288 Mar  7 12:59 .git
(base) saumyamundra@Saumyas-MacBook-Air GIT % echo -e 'This is readme' <README.md>
zsh: parse error near `\n'
(base) saumyamundra@Saumyas-MacBook-Air GIT % echo -e "Random number generator" > README.md
(base) saumyamundra@Saumyas-MacBook-Air GIT % echo -e 'Trying to push to github'> README1.md
(base) saumyamundra@Saumyas-MacBook-Air GIT % git push GIT master
fatal: 'GIT' does not appear to be a git repository
fatal: Could not read from remote repository.

Please make sure you have the correct access rights
and the repository exists.
(base) saumyamundra@Saumyas-MacBook-Air GIT % git push origin master
Everything up-to-date
(base) saumyamundra@Saumyas-MacBook-Air GIT % echo -e 'Checking add and stage' >README@.md
(base) saumyamundra@Saumyas-MacBook-Air GIT % git add README@.md
(base) saumyamundra@Saumyas-MacBook-Air GIT % git commit -m 'Checking adding and staging' 
[master 75eff47] Checking adding and staging
 1 file changed, 1 insertion(+)
 create mode 100644 README@.md
(base) saumyamundra@Saumyas-MacBook-Air GIT % git push origin master
Enumerating objects: 4, done.
Counting objects: 100% (4/4), done.
Delta compression using up to 8 threads
Compressing objects: 100% (2/2), done.
Writing objects: 100% (3/3), 333 bytes | 333.00 KiB/s, done.
Total 3 (delta 0), reused 0 (delta 0), pack-reused 0
To https://github.com/Saumya-svm/GIT.git
   27251d9..75eff47  master -> master
(base) saumyamundra@Saumyas-MacBook-Air GIT % cd CodingNinjas_PythonDSA
cd: no such file or directory: CodingNinjas_PythonDSA
(base) saumyamundra@Saumyas-MacBook-Air GIT % cd ~
(base) saumyamundra@Saumyas-MacBook-Air ~ % cd /Documents/CodingNinjas_PythonDSA 
cd: no such file or directory: /Documents/CodingNinjas_PythonDSA
(base) saumyamundra@Saumyas-MacBook-Air ~ % cd Documents
(base) saumyamundra@Saumyas-MacBook-Air Documents % cd CodingNinjas_PythonDSA
(base) saumyamundra@Saumyas-MacBook-Air CodingNinjas_PythonDSA % git init
hint: Using 'master' as the name for the initial branch. This default branch name
hint: is subject to change. To configure the initial branch name to use in all
hint: of your new repositories, which will suppress this warning, call:
hint: 
hint: 	git config --global init.defaultBranch <name>
hint: 
hint: Names commonly chosen instead of 'master' are 'main', 'trunk' and
hint: 'development'. The just-created branch can be renamed via this command:
hint: 
hint: 	git branch -m <name>
Initialized empty Git repository in /Users/saumyamundra/Documents/CodingNinjas_PythonDSA/.git/
(base) saumyamundra@Saumyas-MacBook-Air CodingNinjas_PythonDSA % git ls -al
git: 'ls' is not a git command. See 'git --help'.

The most similar command is
	log
(base) saumyamundra@Saumyas-MacBook-Air CodingNinjas_PythonDSA % ls -al
total 56
drwxr-xr-x  18 saumyamundra  staff    576 Mar  7 13:25 .
drwx------@ 84 saumyamundra  staff   2688 Mar  7 12:58 ..
-rw-r--r--@  1 saumyamundra  staff  20484 Mar  6 03:32 .DS_Store
drwxr-xr-x   9 saumyamundra  staff    288 Mar  7 13:25 .git
drwxr-xr-x   5 saumyamundra  staff    160 Mar  3 16:24 .ipynb_checkpoints
-rw-r--r--   1 saumyamundra  staff     21 Jan 31 16:57 .jovianrc
drwxr-xr-x   3 saumyamundra  staff     96 Mar  5 13:46 .vscode
drwxr-xr-x   9 saumyamundra  staff    288 Feb  1 17:08 Applications of Complexity Analysis
drwxr-xr-x   7 saumyamundra  staff    224 Feb  4 13:56 Backtracking
drwxr-xr-x   7 saumyamundra  staff    224 Mar  5 15:38 Binary Search Trees
drwxr-xr-x  24 saumyamundra  staff    768 Mar  5 12:06 BinaryTrees
drwxr-xr-x  14 saumyamundra  staff    448 Feb 18 14:49 Generic Trees
drwxr-xr-x  28 saumyamundra  staff    896 Feb  5 14:44 Linked List
drwxr-xr-x   3 saumyamundra  staff     96 Feb 18 11:13 Queues
drwxr-xr-x  12 saumyamundra  staff    384 Jan 31 23:37 Recursion
drwxr-xr-x  11 saumyamundra  staff    352 Feb  1 10:53 Recursion Assignment
drwxr-xr-x   6 saumyamundra  staff    192 Feb  9 13:19 Stacks
drwxr-xr-x  12 saumyamundra  staff    384 Jan 31 23:32 pdf
(base) saumyamundra@Saumyas-MacBook-Air CodingNinjas_PythonDSA % git add Linked List
fatal: pathspec 'Linked' did not match any files
(base) saumyamundra@Saumyas-MacBook-Air CodingNinjas_PythonDSA % cd Linked List
cd: string not in pwd: Linked
(base) saumyamundra@Saumyas-MacBook-Air CodingNinjas_PythonDSA % git init
Reinitialized existing Git repository in /Users/saumyamundra/Documents/CodingNinjas_PythonDSA/.git/
(base) saumyamundra@Saumyas-MacBook-Air CodingNinjas_PythonDSA % cd Linked List
cd: string not in pwd: Linked
(base) saumyamundra@Saumyas-MacBook-Air CodingNinjas_PythonDSA % cd Linked List
cd: string not in pwd: Linked
(base) saumyamundra@Saumyas-MacBook-Air CodingNinjas_PythonDSA % git add -a
error: unknown switch `a'
usage: git add [<options>] [--] <pathspec>...

    -n, --dry-run         dry run
    -v, --verbose         be verbose

    -i, --interactive     interactive picking
    -p, --patch           select hunks interactively
    -e, --edit            edit current diff and apply
    -f, --force           allow adding otherwise ignored files
    -u, --update          update tracked files
    --renormalize         renormalize EOL of tracked files (implies -u)
    -N, --intent-to-add   record only the fact that the path will be added later
    -A, --all             add changes from all tracked and untracked files
    --ignore-removal      ignore paths removed in the working tree (same as --no-all)
    --refresh             don't add, only refresh the index
    --ignore-errors       just skip files which cannot be added because of errors
    --ignore-missing      check if - even missing - files are ignored in dry run
    --chmod (+|-)x        override the executable bit of the listed files
    --pathspec-from-file <file>
                          read pathspec from file
    --pathspec-file-nul   with --pathspec-from-file, pathspec elements are separated with NUL character

(base) saumyamundra@Saumyas-MacBook-Air CodingNinjas_PythonDSA % git status
On branch master
Your branch is up to date with 'origin/master'.

Untracked files:
  (use "git add <file>..." to include in what will be committed)
	.DS_Store
	.ipynb_checkpoints/
	.jovianrc
	.vscode/
	Applications of Complexity Analysis/
	Backtracking/
	Binary Search Trees/
	BinaryTrees/
	Generic Trees/
	Linked List/AppendLastNToFirst.py
	Linked List/Bubble Sort LL.py
	Linked List/Delete Node Recursive.py
	Linked List/Delete Node.py
	Linked List/Eliminate Duplicates from LL.py
	Linked List/Even after Odd LL.py
	Linked List/Example.py
	Linked List/Find a Node in LL(Recursive).py
	Linked List/Find a Node in a Linked List.py
	Linked List/Length of LL Recursive.py
	Linked List/Length of LL.py
	Linked List/Linked List.py
	Linked List/Merge Sort LL.py
	Linked List/Merge Two Sorted LL(2).py
	Linked List/Merge Two Sorted LL.py
	Linked List/MidPoint.py
	Linked List/Print Reverse Linked List.py
	Linked List/Print ith Node.py
	Linked List/Reverse LL Iteratively.py
	Linked List/Swap Two Nodes LL.py
	Linked List/__pycache__/
	Queues/
	Recursion Assignment/
	Recursion/
	Stacks/
	pdf/

nothing added to commit but untracked files present (use "git add" to track)
(base) saumyamundra@Saumyas-MacBook-Air CodingNinjas_PythonDSA % git commit -m 'commit all files'
On branch master
Your branch is up to date with 'origin/master'.

Untracked files:
  (use "git add <file>..." to include in what will be committed)
	.DS_Store
	.ipynb_checkpoints/
	.jovianrc
	.vscode/
	Applications of Complexity Analysis/
	Backtracking/
	Binary Search Trees/
	BinaryTrees/
	Generic Trees/
	Linked List/AppendLastNToFirst.py
	Linked List/Bubble Sort LL.py
	Linked List/Delete Node Recursive.py
	Linked List/Delete Node.py
	Linked List/Eliminate Duplicates from LL.py
	Linked List/Even after Odd LL.py
	Linked List/Example.py
	Linked List/Find a Node in LL(Recursive).py
	Linked List/Find a Node in a Linked List.py
	Linked List/Length of LL Recursive.py
	Linked List/Length of LL.py
	Linked List/Linked List.py
	Linked List/Merge Sort LL.py
	Linked List/Merge Two Sorted LL(2).py
	Linked List/Merge Two Sorted LL.py
	Linked List/MidPoint.py
	Linked List/Print Reverse Linked List.py
	Linked List/Print ith Node.py
	Linked List/Reverse LL Iteratively.py
	Linked List/Swap Two Nodes LL.py
	Linked List/__pycache__/
	Queues/
	Recursion Assignment/
	Recursion/
	Stacks/
	pdf/

nothing added to commit but untracked files present (use "git add" to track)
(base) saumyamundra@Saumyas-MacBook-Air CodingNinjas_PythonDSA % git push origin master
Everything up-to-date
(base) saumyamundra@Saumyas-MacBook-Air CodingNinjas_PythonDSA % cd Linked List
cd: string not in pwd: Linked
(base) saumyamundra@Saumyas-MacBook-Air CodingNinjas_PythonDSA % cd ~
(base) saumyamundra@Saumyas-MacBook-Air ~ % cd Documents
(base) saumyamundra@Saumyas-MacBook-Air Documents % cd CodingNinjas_PythonDSA
(base) saumyamundra@Saumyas-MacBook-Air CodingNinjas_PythonDSA % cd Linked List
cd: string not in pwd: Linked
(base) saumyamundra@Saumyas-MacBook-Air CodingNinjas_PythonDSA % pwd
/Users/saumyamundra/Documents/CodingNinjas_PythonDSA
(base) saumyamundra@Saumyas-MacBook-Air CodingNinjas_PythonDSA % cd ~
(base) saumyamundra@Saumyas-MacBook-Air ~ % Linked List
zsh: command not found: Linked
(base) saumyamundra@Saumyas-MacBook-Air ~ % cd Documents
(base) saumyamundra@Saumyas-MacBook-Air Documents % cd CodingNinjas_PythonDSA
(base) saumyamundra@Saumyas-MacBook-Air CodingNinjas_PythonDSA % cd BinaryTrees
(base) saumyamundra@Saumyas-MacBook-Air BinaryTrees % cd -
~/Documents/CodingNinjas_PythonDSA
(base) saumyamundra@Saumyas-MacBook-Air CodingNinjas_PythonDSA % cd Binary Trees
cd: string not in pwd: Binary
(base) saumyamundra@Saumyas-MacBook-Air CodingNinjas_PythonDSA % cd Binary/Trees
cd: no such file or directory: Binary/Trees
(base) saumyamundra@Saumyas-MacBook-Air CodingNinjas_PythonDSA % cd Binary\Trees
cd: no such file or directory: BinaryTrees
(base) saumyamundra@Saumyas-MacBook-Air CodingNinjas_PythonDSA % cd Binary|Trees
cd: no such file or directory: Binary
zsh: command not found: Trees
(base) saumyamundra@Saumyas-MacBook-Air CodingNinjas_PythonDSA % cd 'Binary Trees'
(base) saumyamundra@Saumyas-MacBook-Air Binary Trees % git init
hint: Using 'master' as the name for the initial branch. This default branch name
hint: is subject to change. To configure the initial branch name to use in all
hint: of your new repositories, which will suppress this warning, call:
hint: 
hint: 	git config --global init.defaultBranch <name>
hint: 
hint: Names commonly chosen instead of 'master' are 'main', 'trunk' and
hint: 'development'. The just-created branch can be renamed via this command:
hint: 
hint: 	git branch -m <name>
Initialized empty Git repository in /Users/saumyamundra/Documents/CodingNinjas_PythonDSA/Binary Trees/.git/
(base) saumyamundra@Saumyas-MacBook-Air Binary Trees % git add HeightOfTree   
fatal: pathspec 'HeightOfTree' did not match any files
(base) saumyamundra@Saumyas-MacBook-Air Binary Trees % git add HeightOfTree.py
(base) saumyamundra@Saumyas-MacBook-Air Binary Trees % git commit -m 'Trying to add bt file in the repo under the main repo'
[master (root-commit) 62154d9] Trying to add bt file in the repo under the main repo
 1 file changed, 8 insertions(+)
 create mode 100644 HeightOfTree.py
(base) saumyamundra@Saumyas-MacBook-Air Binary Trees % git push origin master
fatal: 'origin' does not appear to be a git repository
fatal: Could not read from remote repository.

Please make sure you have the correct access rights
and the repository exists.
(base) saumyamundra@Saumyas-MacBook-Air Binary Trees % git status
On branch master
Untracked files:
  (use "git add <file>..." to include in what will be committed)
	BinaryTree.py
	Construct Tree using Postorder and Inorder.py
	Construct Tree using PreOrder and Inorder.py
	Create and Insert Duplicate Node.py
	DiameterOfTree.py
	Is Node Present.py
	MIn and Max in Binary Tree.py
	MirrorBinaryTree.py
	Nodes Greater Than X.py
	NodesWithoutSibling.py
	NumberOfLeafNodes.py
	Path Sum Root to Leaf.py
	Postorder Binary Tree.py
	Preorder Binary Tree.py
	Print Nodes at Depth K.py
	Print Nodes at Distance K from Node.py
	ReplaceNodeWithDepthK.py
	SumOfTree.py
	__pycache__/
	printLevelWise
	printLevelWise.py

nothing added to commit but untracked files present (use "git add" to track)
(base) saumyamundra@Saumyas-MacBook-Air Binary Trees % git push 'Binary Trees' master
fatal: 'Binary Trees' does not appear to be a git repository
fatal: Could not read from remote repository.

Please make sure you have the correct access rights
and the repository exists.
(base) saumyamundra@Saumyas-MacBook-Air Binary Trees % git push origin master
fatal: 'origin' does not appear to be a git repository
fatal: Could not read from remote repository.

Please make sure you have the correct access rights
and the repository exists.
(base) saumyamundra@Saumyas-MacBook-Air Binary Trees % git add -a
error: unknown switch `a'
usage: git add [<options>] [--] <pathspec>...

    -n, --dry-run         dry run
    -v, --verbose         be verbose

    -i, --interactive     interactive picking
    -p, --patch           select hunks interactively
    -e, --edit            edit current diff and apply
    -f, --force           allow adding otherwise ignored files
    -u, --update          update tracked files
    --renormalize         renormalize EOL of tracked files (implies -u)
    -N, --intent-to-add   record only the fact that the path will be added later
    -A, --all             add changes from all tracked and untracked files
    --ignore-removal      ignore paths removed in the working tree (same as --no-all)
    --refresh             don't add, only refresh the index
    --ignore-errors       just skip files which cannot be added because of errors
    --ignore-missing      check if - even missing - files are ignored in dry run
    --chmod (+|-)x        override the executable bit of the listed files
    --pathspec-from-file <file>
                          read pathspec from file
    --pathspec-file-nul   with --pathspec-from-file, pathspec elements are separated with NUL character

(base) saumyamundra@Saumyas-MacBook-Air Binary Trees % git commit -m'adding to github'
On branch master
Your branch is up to date with 'origin/master'.

Untracked files:
  (use "git add <file>..." to include in what will be committed)
	BinaryTree.py
	Construct Tree using Postorder and Inorder.py
	Construct Tree using PreOrder and Inorder.py
	Create and Insert Duplicate Node.py
	DiameterOfTree.py
	Is Node Present.py
	MIn and Max in Binary Tree.py
	MirrorBinaryTree.py
	Nodes Greater Than X.py
	NodesWithoutSibling.py
	NumberOfLeafNodes.py
	Path Sum Root to Leaf.py
	Postorder Binary Tree.py
	Preorder Binary Tree.py
	Print Nodes at Depth K.py
	Print Nodes at Distance K from Node.py
	ReplaceNodeWithDepthK.py
	SumOfTree.py
	__pycache__/
	printLevelWise
	printLevelWise.py

nothing added to commit but untracked files present (use "git add" to track)
(base) saumyamundra@Saumyas-MacBook-Air Binary Trees % git push origin master
Everything up-to-date
(base) saumyamundra@Saumyas-MacBook-Air Binary Trees % git add BinaryTree.py
        Construct Tree using Postorder and Inorder.py
        Construct Tree using PreOrder and Inorder.py
        Create and Insert Duplicate Node.py
        DiameterOfTree.py
        Is Node Present.py
        MIn and Max in Binary Tree.py
        MirrorBinaryTree.py
        Nodes Greater Than X.py
        NodesWithoutSibling.py
        NumberOfLeafNodes.py
        Path Sum Root to Leaf.py
        Postorder Binary Tree.py
        Preorder Binary Tree.py
        Print Nodes at Depth K.py
        Print Nodes at Distance K from Node.py
        ReplaceNodeWithDepthK.py
        SumOfTree.py
        __pycache__/
        printLevelWise
        printLevelWise.py
zsh: command not found: Construct
zsh: command not found: Construct
zsh: command not found: Create
zsh: command not found: DiameterOfTree.py
zsh: command not found: Is
zsh: command not found: MIn
zsh: command not found: MirrorBinaryTree.py
zsh: command not found: Nodes
zsh: command not found: NodesWithoutSibling.py
zsh: command not found: NumberOfLeafNodes.py
zsh: command not found: Path
zsh: command not found: Postorder
zsh: command not found: Preorder
zsh: command not found: Print
zsh: command not found: Print
zsh: command not found: ReplaceNodeWithDepthK.py
zsh: command not found: SumOfTree.py
zsh: permission denied: __pycache__/
zsh: command not found: printLevelWise
zsh: command not found: printLevelWise.py
(base) saumyamundra@Saumyas-MacBook-Air Binary Trees % git add DiameterOfTree.py
(base) saumyamundra@Saumyas-MacBook-Air Binary Trees % git commit -m 'Adding dimateroftree to github'
[master 2acfe04] Adding dimateroftree to github
 2 files changed, 77 insertions(+)
 create mode 100644 BinaryTree.py
 create mode 100644 DiameterOfTree.py
(base) saumyamundra@Saumyas-MacBook-Air Binary Trees % git push origin master
Enumerating objects: 5, done.
Counting objects: 100% (5/5), done.
Delta compression using up to 8 threads
Compressing objects: 100% (4/4), done.
Writing objects: 100% (4/4), 938 bytes | 938.00 KiB/s, done.
Total 4 (delta 0), reused 0 (delta 0), pack-reused 0
To https://github.com/Saumya-svm/Binary-Trees.git
   62154d9..2acfe04  master -> master
(base) saumyamundra@Saumyas-MacBook-Air Binary Trees % git add -A
(base) saumyamundra@Saumyas-MacBook-Air Binary Trees % git status
On branch master
Your branch is up to date with 'origin/master'.

Changes to be committed:
  (use "git restore --staged <file>..." to unstage)
	new file:   Construct Tree using Postorder and Inorder.py
	new file:   Construct Tree using PreOrder and Inorder.py
	new file:   Create and Insert Duplicate Node.py
	new file:   Is Node Present.py
	new file:   MIn and Max in Binary Tree.py
	new file:   MirrorBinaryTree.py
	new file:   Nodes Greater Than X.py
	new file:   NodesWithoutSibling.py
	new file:   NumberOfLeafNodes.py
	new file:   Path Sum Root to Leaf.py
	new file:   Postorder Binary Tree.py
	new file:   Preorder Binary Tree.py
	new file:   Print Nodes at Depth K.py
	new file:   Print Nodes at Distance K from Node.py
	new file:   ReplaceNodeWithDepthK.py
	new file:   SumOfTree.py
	new file:   __pycache__/BinaryTree.cpython-38.pyc
	new file:   __pycache__/BinaryTree.cpython-39.pyc
	new file:   printLevelWise
	new file:   printLevelWise.py

(base) saumyamundra@Saumyas-MacBook-Air Binary Trees % git commit -m 'pushing all the files' 
[master 8580b69] pushing all the files
 20 files changed, 337 insertions(+)
 create mode 100644 Construct Tree using Postorder and Inorder.py
 create mode 100644 Construct Tree using PreOrder and Inorder.py
 create mode 100644 Create and Insert Duplicate Node.py
 create mode 100644 Is Node Present.py
 create mode 100644 MIn and Max in Binary Tree.py
 create mode 100644 MirrorBinaryTree.py
 create mode 100644 Nodes Greater Than X.py
 create mode 100644 NodesWithoutSibling.py
 create mode 100644 NumberOfLeafNodes.py
 create mode 100644 Path Sum Root to Leaf.py
 create mode 100644 Postorder Binary Tree.py
 create mode 100644 Preorder Binary Tree.py
 create mode 100644 Print Nodes at Depth K.py
 create mode 100644 Print Nodes at Distance K from Node.py
 create mode 100644 ReplaceNodeWithDepthK.py
 create mode 100644 SumOfTree.py
 create mode 100644 __pycache__/BinaryTree.cpython-38.pyc
 create mode 100644 __pycache__/BinaryTree.cpython-39.pyc
 create mode 100644 printLevelWise
 create mode 100644 printLevelWise.py
(base) saumyamundra@Saumyas-MacBook-Air Binary Trees % git push origin master
Enumerating objects: 24, done.
Counting objects: 100% (24/24), done.
Delta compression using up to 8 threads
Compressing objects: 100% (21/21), done.
Writing objects: 100% (23/23), 4.89 KiB | 4.89 MiB/s, done.
Total 23 (delta 4), reused 0 (delta 0), pack-reused 0
remote: Resolving deltas: 100% (4/4), done.
To https://github.com/Saumya-svm/Binary-Trees.git
   2acfe04..8580b69  master -> master
(base) saumyamundra@Saumyas-MacBook-Air Binary Trees % cd -
~/Documents/CodingNinjas_PythonDSA
(base) saumyamundra@Saumyas-MacBook-Air CodingNinjas_PythonDSA % cd Linked List
cd: string not in pwd: Linked
(base) saumyamundra@Saumyas-MacBook-Air CodingNinjas_PythonDSA % cd 'Linked List'
(base) saumyamundra@Saumyas-MacBook-Air Linked List % git add -A
warning: adding embedded git repository: Binary Trees
hint: You've added another git repository inside your current repository.
hint: Clones of the outer repository will not contain the contents of
hint: the embedded repository and will not know how to obtain it.
hint: If you meant to add a submodule, use:
hint: 
hint: 	git submodule add <url> Binary Trees
hint: 
hint: If you added this path by mistake, you can remove it from the
hint: index with:
hint: 
hint: 	git rm --cached Binary Trees
hint: 
hint: See "git help submodule" for more information.
(base) saumyamundra@Saumyas-MacBook-Air Linked List % git status
On branch master
Your branch is up to date with 'origin/master'.

Changes to be committed:
  (use "git restore --staged <file>..." to unstage)
	new file:   ../.DS_Store
	new file:   ../.ipynb_checkpoints/Duplicate in Array.py
	new file:   ../.ipynb_checkpoints/VSCODE CHEck-checkpoint.ipynb
	new file:   ../.jovianrc
	new file:   ../.vscode/settings.json
	new file:   ../Applications of Complexity Analysis/Array Equilibrium Index.py
	new file:   ../Applications of Complexity Analysis/Array Intersection Intro.py
	new file:   ../Applications of Complexity Analysis/Array Intersection.py
	new file:   ../Applications of Complexity Analysis/Find the Unique Element.py
	new file:   ../Applications of Complexity Analysis/Pair Sum in an Array.py
	new file:   ../Applications of Complexity Analysis/Power of A numebr.py
	new file:   ../Applications of Complexity Analysis/binary search.py
	new file:   ../Backtracking/.ipynb_checkpoints/NQueens-checkpoint.ipynb
	new file:   ../Backtracking/.jovianrc
	new file:   ../Backtracking/N-Queens.py
	new file:   ../Backtracking/NQueens.ipynb
	new file:   ../Backtracking/Sudoku.py
	new file:   ../Binary Search Trees/Check Is BST.py
	new file:   ../Binary Search Trees/Construct BST.py
	new file:   ../Binary Search Trees/Elements between K1 and K2.py
	new file:   ../Binary Search Trees/Search in BST.py
	new file:   ../Binary Search Trees/tempCodeRunnerFile.py
	new file:   ../Binary Trees
	deleted:    ../BinaryTrees/BinaryTree.py
	new file:   ../Generic Trees/ContainsX.py
	new file:   ../Generic Trees/CountLeafNodes.py
	new file:   ../Generic Trees/GenericTree.py
	new file:   ../Generic Trees/HeightOfTree.py
	new file:   ../Generic Trees/Next Larger.py
	new file:   ../Generic Trees/Node with Largest Data.py
	new file:   ../Generic Trees/Node with Maximum Child Sum.py
	new file:   ../Generic Trees/PrintLevelwise.py
	new file:   ../Generic Trees/ReplaceWithDepth.py
	new file:   ../Generic Trees/Structurally Identical.py
	new file:   ../Generic Trees/Sum of All Nodes.py
	new file:   ../Generic Trees/__pycache__/GenericTree.cpython-39.pyc
	new file:   AppendLastNToFirst.py
	new file:   Bubble Sort LL.py
	new file:   Delete Node Recursive.py
	new file:   Delete Node.py
	new file:   Eliminate Duplicates from LL.py
	new file:   Even after Odd LL.py
	new file:   Example.py
	new file:   Find a Node in LL(Recursive).py
	new file:   Find a Node in a Linked List.py
	new file:   Length of LL Recursive.py
	new file:   Length of LL.py
	new file:   Linked List.py
	new file:   Merge Sort LL.py
	new file:   Merge Two Sorted LL(2).py
	new file:   Merge Two Sorted LL.py
	new file:   MidPoint.py
	new file:   Print Reverse Linked List.py
	new file:   Print ith Node.py
	new file:   Reverse LL Iteratively.py
	new file:   Swap Two Nodes LL.py
	new file:   __pycache__/LinkedList.cpython-38.pyc
	new file:   __pycache__/LinkedList.cpython-39.pyc
	new file:   ../Queues/Queues using LL.py
	new file:   ../Recursion Assignment/Check AB.py
	new file:   ../Recursion Assignment/Check Palindrome.py
	new file:   ../Recursion Assignment/Count Zeros.py
	new file:   ../Recursion Assignment/Geometric Sum.py
	new file:   ../Recursion Assignment/Multiplication(Recursive).py
	new file:   ../Recursion Assignment/Pair Star.py
	new file:   ../Recursion Assignment/Staircase.py
	new file:   ../Recursion Assignment/String to Integer.py
	new file:   ../Recursion Assignment/Sums of Digit.py
	new file:   ../Recursion/Check Number in Array.py
	new file:   ../Recursion/First Index of Number - Question.py
	new file:   ../Recursion/Last Index Of Number Question.py
	new file:   ../Recursion/Merge Sort.py
	new file:   ../Recursion/Power Of A Number.py
	new file:   ../Recursion/Quick Sort.py
	new file:   ../Recursion/Remove Duplicates Recursively.py
	new file:   ../Recursion/Remove X.py
	new file:   ../Recursion/Sum of Array.py
	new file:   ../Recursion/Tower of Hanoi.py
	new file:   ../Stacks/Balanced Parenthesis.py
	new file:   ../Stacks/Reverse Stack.py
	new file:   ../Stacks/css.py
	new file:   ../Stacks/random.py
	new file:   ../pdf/0000000000000025s.zip
	new file:   ../pdf/3.zip
	new file:   ../pdf/4.zip
	new file:   ../pdf/5.zip
	new file:   ../pdf/OOPS1.pdf
	new file:   ../pdf/One plUs bill.pdf
	new file:   ../pdf/Recursion1.pdf
	new file:   ../pdf/Recursion2.pdf
	new file:   ../pdf/Time_Complexity_Analysis.pdf
	new file:   ../pdf/VSCODE CHEck.ipynb

(base) saumyamundra@Saumyas-MacBook-Air Linked List % git commit -m 'adding all to main repo '
[master 7dd9144] adding all to main repo
 92 files changed, 2216 insertions(+), 65 deletions(-)
 create mode 100644 .DS_Store
 create mode 100644 .ipynb_checkpoints/Duplicate in Array.py
 create mode 100644 .ipynb_checkpoints/VSCODE CHEck-checkpoint.ipynb
 create mode 100644 .jovianrc
 create mode 100644 .vscode/settings.json
 create mode 100644 Applications of Complexity Analysis/Array Equilibrium Index.py
 create mode 100644 Applications of Complexity Analysis/Array Intersection Intro.py
 create mode 100644 Applications of Complexity Analysis/Array Intersection.py
 create mode 100644 Applications of Complexity Analysis/Find the Unique Element.py
 create mode 100644 Applications of Complexity Analysis/Pair Sum in an Array.py
 create mode 100644 Applications of Complexity Analysis/Power of A numebr.py
 create mode 100644 Applications of Complexity Analysis/binary search.py
 create mode 100644 Backtracking/.ipynb_checkpoints/NQueens-checkpoint.ipynb
 create mode 100644 Backtracking/.jovianrc
 create mode 100644 Backtracking/N-Queens.py
 create mode 100644 Backtracking/NQueens.ipynb
 create mode 100644 Backtracking/Sudoku.py
 create mode 100644 Binary Search Trees/Check Is BST.py
 create mode 100644 Binary Search Trees/Construct BST.py
 create mode 100644 Binary Search Trees/Elements between K1 and K2.py
 create mode 100644 Binary Search Trees/Search in BST.py
 create mode 100644 Binary Search Trees/tempCodeRunnerFile.py
 create mode 160000 Binary Trees
 delete mode 100644 BinaryTrees/BinaryTree.py
 create mode 100644 Generic Trees/ContainsX.py
 create mode 100644 Generic Trees/CountLeafNodes.py
 create mode 100644 Generic Trees/GenericTree.py
 create mode 100644 Generic Trees/HeightOfTree.py
 create mode 100644 Generic Trees/Next Larger.py
 create mode 100644 Generic Trees/Node with Largest Data.py
 create mode 100644 Generic Trees/Node with Maximum Child Sum.py
 create mode 100644 Generic Trees/PrintLevelwise.py
 create mode 100644 Generic Trees/ReplaceWithDepth.py
 create mode 100644 Generic Trees/Structurally Identical.py
 create mode 100644 Generic Trees/Sum of All Nodes.py
 create mode 100644 Generic Trees/__pycache__/GenericTree.cpython-39.pyc
 create mode 100644 Linked List/AppendLastNToFirst.py
 create mode 100644 Linked List/Bubble Sort LL.py
 create mode 100644 Linked List/Delete Node Recursive.py
 create mode 100644 Linked List/Delete Node.py
 create mode 100644 Linked List/Eliminate Duplicates from LL.py
 create mode 100644 Linked List/Even after Odd LL.py
 create mode 100644 Linked List/Example.py
 create mode 100644 Linked List/Find a Node in LL(Recursive).py
 create mode 100644 Linked List/Find a Node in a Linked List.py
 create mode 100644 Linked List/Length of LL Recursive.py
 create mode 100644 Linked List/Length of LL.py
 create mode 100644 Linked List/Linked List.py
 create mode 100644 Linked List/Merge Sort LL.py
 create mode 100644 Linked List/Merge Two Sorted LL(2).py
 create mode 100644 Linked List/Merge Two Sorted LL.py
 create mode 100644 Linked List/MidPoint.py
 create mode 100644 Linked List/Print Reverse Linked List.py
 create mode 100644 Linked List/Print ith Node.py
 create mode 100644 Linked List/Reverse LL Iteratively.py
 create mode 100644 Linked List/Swap Two Nodes LL.py
 create mode 100644 Linked List/__pycache__/LinkedList.cpython-38.pyc
 create mode 100644 Linked List/__pycache__/LinkedList.cpython-39.pyc
 create mode 100644 Queues/Queues using LL.py
 create mode 100644 Recursion Assignment/Check AB.py
 create mode 100644 Recursion Assignment/Check Palindrome.py
 create mode 100644 Recursion Assignment/Count Zeros.py
 create mode 100644 Recursion Assignment/Geometric Sum.py
 create mode 100644 Recursion Assignment/Multiplication(Recursive).py
 create mode 100644 Recursion Assignment/Pair Star.py
 create mode 100644 Recursion Assignment/Staircase.py
 create mode 100644 Recursion Assignment/String to Integer.py
 create mode 100644 Recursion Assignment/Sums of Digit.py
 create mode 100644 Recursion/Check Number in Array.py
 create mode 100644 Recursion/First Index of Number - Question.py
 create mode 100644 Recursion/Last Index Of Number Question.py
 create mode 100644 Recursion/Merge Sort.py
 create mode 100644 Recursion/Power Of A Number.py
 create mode 100644 Recursion/Quick Sort.py
 create mode 100644 Recursion/Remove Duplicates Recursively.py
 create mode 100644 Recursion/Remove X.py
 create mode 100644 Recursion/Sum of Array.py
 create mode 100644 Recursion/Tower of Hanoi.py
 create mode 100644 Stacks/Balanced Parenthesis.py
 create mode 100644 Stacks/Reverse Stack.py
 create mode 100644 Stacks/css.py
 create mode 100644 Stacks/random.py
 create mode 100644 pdf/0000000000000025s.zip
 create mode 100644 pdf/3.zip
 create mode 100644 pdf/4.zip
 create mode 100644 pdf/5.zip
 create mode 100644 pdf/OOPS1.pdf
 create mode 100644 pdf/One plUs bill.pdf
 create mode 100644 pdf/Recursion1.pdf
 create mode 100644 pdf/Recursion2.pdf
 create mode 100644 pdf/Time_Complexity_Analysis.pdf
 create mode 100644 pdf/VSCODE CHEck.ipynb
(base) saumyamundra@Saumyas-MacBook-Air Linked List % git push origin master
Enumerating objects: 104, done.
Counting objects: 100% (104/104), done.
Delta compression using up to 8 threads
Compressing objects: 100% (97/97), done.
Writing objects: 100% (102/102), 981.81 KiB | 28.05 MiB/s, done.
Total 102 (delta 5), reused 0 (delta 0), pack-reused 0
remote: Resolving deltas: 100% (5/5), done.
To https://github.com/Saumya-svm/CodingNinjas_PythonDSA.git
   c50642c..7dd9144  master -> master
(base) saumyamundra@Saumyas-MacBook-Air Linked List % git add -A
(base) saumyamundra@Saumyas-MacBook-Air Linked List % git commit -m 'checkig the diff'
On branch master
Your branch is up to date with 'origin/master'.

nothing to commit, working tree clean
(base) saumyamundra@Saumyas-MacBook-Air Linked List % git push origin master
Everything up-to-date
(base) saumyamundra@Saumyas-MacBook-Air Linked List % git add -'A'
(base) saumyamundra@Saumyas-MacBook-Air Linked List % git status
On branch master
Your branch is up to date with 'origin/master'.

nothing to commit, working tree clean
(base) saumyamundra@Saumyas-MacBook-Air Linked List % git add -A
(base) saumyamundra@Saumyas-MacBook-Air Linked List % git status
On branch master
Your branch is up to date with 'origin/master'.

Changes to be committed:
  (use "git restore --staged <file>..." to unstage)
	modified:   ../.DS_Store
	deleted:    ../Applications of Complexity Analysis/Array Equilibrium Index.py
	deleted:    ../Applications of Complexity Analysis/Array Intersection Intro.py
	deleted:    ../Applications of Complexity Analysis/Array Intersection.py
	deleted:    ../Applications of Complexity Analysis/Find the Unique Element.py
	deleted:    ../Applications of Complexity Analysis/Pair Sum in an Array.py
	deleted:    ../Applications of Complexity Analysis/Power of A numebr.py
	deleted:    ../Applications of Complexity Analysis/binary search.py
	deleted:    ../Binary Search Trees/Check Is BST.py
	deleted:    ../Binary Search Trees/Construct BST.py
	deleted:    ../Binary Search Trees/Elements between K1 and K2.py
	deleted:    ../Binary Search Trees/Search in BST.py
	deleted:    ../Binary Search Trees/tempCodeRunnerFile.py

(base) saumyamundra@Saumyas-MacBook-Air Linked List % git commit -m 'deleted two folders'
[master c3be050] deleted two folders
 13 files changed, 233 deletions(-)
 delete mode 100644 Applications of Complexity Analysis/Array Equilibrium Index.py
 delete mode 100644 Applications of Complexity Analysis/Array Intersection Intro.py
 delete mode 100644 Applications of Complexity Analysis/Array Intersection.py
 delete mode 100644 Applications of Complexity Analysis/Find the Unique Element.py
 delete mode 100644 Applications of Complexity Analysis/Pair Sum in an Array.py
 delete mode 100644 Applications of Complexity Analysis/Power of A numebr.py
 delete mode 100644 Applications of Complexity Analysis/binary search.py
 delete mode 100644 Binary Search Trees/Check Is BST.py
 delete mode 100644 Binary Search Trees/Construct BST.py
 delete mode 100644 Binary Search Trees/Elements between K1 and K2.py
 delete mode 100644 Binary Search Trees/Search in BST.py
 delete mode 100644 Binary Search Trees/tempCodeRunnerFile.py
(base) saumyamundra@Saumyas-MacBook-Air Linked List % git push origin master
Enumerating objects: 5, done.
Counting objects: 100% (5/5), done.
Delta compression using up to 8 threads
Compressing objects: 100% (3/3), done.
Writing objects: 100% (3/3), 1.14 KiB | 1.14 MiB/s, done.
Total 3 (delta 2), reused 0 (delta 0), pack-reused 0
remote: Resolving deltas: 100% (2/2), completed with 2 local objects.
To https://github.com/Saumya-svm/CodingNinjas_PythonDSA.git
   7dd9144..c3be050  master -> master
(base) saumyamundra@Saumyas-MacBook-Air Linked List % cd -
~/Documents/CodingNinjas_PythonDSA
(base) saumyamundra@Saumyas-MacBook-Air CodingNinjas_PythonDSA % cd -
~/Documents/CodingNinjas_PythonDSA/Linked List
(base) saumyamundra@Saumyas-MacBook-Air Linked List % cd-
zsh: command not found: cd-
(base) saumyamundra@Saumyas-MacBook-Air Linked List % cd Documents
cd: no such file or directory: Documents
(base) saumyamundra@Saumyas-MacBook-Air Linked List % cd ~
(base) saumyamundra@Saumyas-MacBook-Air ~ % cd Documents
(base) saumyamundra@Saumyas-MacBook-Air Documents % cd GIT
(base) saumyamundra@Saumyas-MacBook-Air GIT % git init
Reinitialized existing Git repository in /Users/saumyamundra/Documents/GIT/.git/
(base) saumyamundra@Saumyas-MacBook-Air GIT % cd 'Binary Seacrh Trees'
cd: no such file or directory: Binary Seacrh Trees
(base) saumyamundra@Saumyas-MacBook-Air GIT % cd 'Binary Search Trees'
(base) saumyamundra@Saumyas-MacBook-Air Binary Search Trees % git init
hint: Using 'master' as the name for the initial branch. This default branch name
hint: is subject to change. To configure the initial branch name to use in all
hint: of your new repositories, which will suppress this warning, call:
hint: 
hint: 	git config --global init.defaultBranch <name>
hint: 
hint: Names commonly chosen instead of 'master' are 'main', 'trunk' and
hint: 'development'. The just-created branch can be renamed via this command:
hint: 
hint: 	git branch -m <name>
Initialized empty Git repository in /Users/saumyamundra/Documents/GIT/Binary Search Trees/.git/
(base) saumyamundra@Saumyas-MacBook-Air Binary Search Trees % git add -A
(base) saumyamundra@Saumyas-MacBook-Air Binary Search Trees % git status
On branch master

No commits yet

Changes to be committed:
  (use "git rm --cached <file>..." to unstage)
	new file:   Check Is BST.py
	new file:   Construct BST.py
	new file:   Elements between K1 and K2.py
	new file:   Search in BST.py
	new file:   tempCodeRunnerFile.py

(base) saumyamundra@Saumyas-MacBook-Air Binary Search Trees % git commit -m 'adding only Binary Search Trees'
[master (root-commit) e18f52c] adding only Binary Search Trees
 5 files changed, 102 insertions(+)
 create mode 100644 Check Is BST.py
 create mode 100644 Construct BST.py
 create mode 100644 Elements between K1 and K2.py
 create mode 100644 Search in BST.py
 create mode 100644 tempCodeRunnerFile.py
(base) saumyamundra@Saumyas-MacBook-Air Binary Search Trees % git push origin master
fatal: 'origin' does not appear to be a git repository
fatal: Could not read from remote repository.

Please make sure you have the correct access rights
and the repository exists.
(base) saumyamundra@Saumyas-MacBook-Air Binary Search Trees % cd -
~/Documents/GIT
(base) saumyamundra@Saumyas-MacBook-Air GIT % git add -A
warning: adding embedded git repository: Binary Search Trees
hint: You've added another git repository inside your current repository.
hint: Clones of the outer repository will not contain the contents of
hint: the embedded repository and will not know how to obtain it.
hint: If you meant to add a submodule, use:
hint: 
hint: 	git submodule add <url> Binary Search Trees
hint: 
hint: If you added this path by mistake, you can remove it from the
hint: index with:
hint: 
hint: 	git rm --cached Binary Search Trees
hint: 
hint: See "git help submodule" for more information.
(base) saumyamundra@Saumyas-MacBook-Air GIT % git status
On branch master
Your branch is up to date with 'origin/master'.

Changes to be committed:
  (use "git restore --staged <file>..." to unstage)
	new file:   .DS_Store
	new file:   Applications of Complexity Analysis/Array Equilibrium Index.py
	new file:   Applications of Complexity Analysis/Array Intersection Intro.py
	new file:   Applications of Complexity Analysis/Array Intersection.py
	new file:   Applications of Complexity Analysis/Find the Unique Element.py
	new file:   Applications of Complexity Analysis/Pair Sum in an Array.py
	new file:   Applications of Complexity Analysis/Power of A numebr.py
	new file:   Applications of Complexity Analysis/binary search.py
	new file:   Binary Search Trees

(base) saumyamundra@Saumyas-MacBook-Air GIT % git commit -m 'adding bst as file' 
[master b134480] adding bst as file
 9 files changed, 132 insertions(+)
 create mode 100644 .DS_Store
 create mode 100644 Applications of Complexity Analysis/Array Equilibrium Index.py
 create mode 100644 Applications of Complexity Analysis/Array Intersection Intro.py
 create mode 100644 Applications of Complexity Analysis/Array Intersection.py
 create mode 100644 Applications of Complexity Analysis/Find the Unique Element.py
 create mode 100644 Applications of Complexity Analysis/Pair Sum in an Array.py
 create mode 100644 Applications of Complexity Analysis/Power of A numebr.py
 create mode 100644 Applications of Complexity Analysis/binary search.py
 create mode 160000 Binary Search Trees
(base) saumyamundra@Saumyas-MacBook-Air GIT % git push origin master
Enumerating objects: 10, done.
Counting objects: 100% (10/10), done.
Delta compression using up to 8 threads
Compressing objects: 100% (9/9), done.
Writing objects: 100% (9/9), 1.97 KiB | 1.97 MiB/s, done.
Total 9 (delta 1), reused 0 (delta 0), pack-reused 0
remote: Resolving deltas: 100% (1/1), done.
To https://github.com/Saumya-svm/GIT.git
   75eff47..b134480  master -> master
(base) saumyamundra@Saumyas-MacBook-Air GIT % git reset
(base) saumyamundra@Saumyas-MacBook-Air GIT % git statuss
git: 'statuss' is not a git command. See 'git --help'.

The most similar command is
	status
(base) saumyamundra@Saumyas-MacBook-Air GIT % git status
On branch master
Your branch is up to date with 'origin/master'.

nothing to commit, working tree clean
(base) saumyamundra@Saumyas-MacBook-Air GIT % git rm 'Binary Search Trees'
fatal: could not lookup name for submodule 'Binary Search Trees'
(base) saumyamundra@Saumyas-MacBook-Air GIT % git add -A
(base) saumyamundra@Saumyas-MacBook-Air GIT % git status
On branch master
Your branch is up to date with 'origin/master'.

nothing to commit, working tree clean
(base) saumyamundra@Saumyas-MacBook-Air GIT % cd -
~/Documents/GIT/Binary Search Trees
(base) saumyamundra@Saumyas-MacBook-Air Binary Search Trees % cd -
~/Documents/GIT
(base) saumyamundra@Saumyas-MacBook-Air GIT % cd -
~/Documents/GIT/Binary Search Trees
(base) saumyamundra@Saumyas-MacBook-Air Binary Search Trees % cd -
~/Documents/GIT
(base) saumyamundra@Saumyas-MacBook-Air GIT % cd -
~/Documents/GIT/Binary Search Trees
(base) saumyamundra@Saumyas-MacBook-Air Binary Search Trees % cd -
~/Documents/GIT
(base) saumyamundra@Saumyas-MacBook-Air GIT % cd -
~/Documents/GIT/Binary Search Trees
(base) saumyamundra@Saumyas-MacBook-Air Binary Search Trees % pwd
/Users/saumyamundra/Documents/GIT/Binary Search Trees
(base) saumyamundra@Saumyas-MacBook-Air Binary Search Trees % /Users/saumyamundra/Documents
zsh: permission denied: /Users/saumyamundra/Documents
(base) saumyamundra@Saumyas-MacBook-Air Binary Search Trees % cd ~
(base) saumyamundra@Saumyas-MacBook-Air ~ % /Users/saumyamundra/Documents
zsh: permission denied: /Users/saumyamundra/Documents
(base) saumyamundra@Saumyas-MacBook-Air ~ % cd Documents
(base) saumyamundra@Saumyas-MacBook-Air Documents % cd CodingNinjas_PythonDSA
(base) saumyamundra@Saumyas-MacBook-Air CodingNinjas_PythonDSA % git add -A
warning: adding embedded git repository: Binary Search Trees
hint: You've added another git repository inside your current repository.
hint: Clones of the outer repository will not contain the contents of
hint: the embedded repository and will not know how to obtain it.
hint: If you meant to add a submodule, use:
hint: 
hint: 	git submodule add <url> Binary Search Trees
hint: 
hint: If you added this path by mistake, you can remove it from the
hint: index with:
hint: 
hint: 	git rm --cached Binary Search Trees
hint: 
hint: See "git help submodule" for more information.
(base) saumyamundra@Saumyas-MacBook-Air CodingNinjas_PythonDSA % git status
On branch master
Your branch is up to date with 'origin/master'.

Changes to be committed:
  (use "git restore --staged <file>..." to unstage)
	new file:   Applications of Complexity Analysis/Array Equilibrium Index.py
	new file:   Applications of Complexity Analysis/Array Intersection Intro.py
	new file:   Applications of Complexity Analysis/Array Intersection.py
	new file:   Applications of Complexity Analysis/Find the Unique Element.py
	new file:   Applications of Complexity Analysis/Pair Sum in an Array.py
	new file:   Applications of Complexity Analysis/Power of A numebr.py
	new file:   Applications of Complexity Analysis/binary search.py
	new file:   Binary Search Trees

(base) saumyamundra@Saumyas-MacBook-Air CodingNinjas_PythonDSA % git rm 
fatal: No pathspec was given. Which files should I remove?
(base) saumyamundra@Saumyas-MacBook-Air CodingNinjas_PythonDSA % git reset
(base) saumyamundra@Saumyas-MacBook-Air CodingNinjas_PythonDSA % git status
On branch master
Your branch is up to date with 'origin/master'.

Untracked files:
  (use "git add <file>..." to include in what will be committed)
	Applications of Complexity Analysis/
	Binary Search Trees/

nothing added to commit but untracked files present (use "git add" to track)
(base) saumyamundra@Saumyas-MacBook-Air CodingNinjas_PythonDSA % cd 'Binary Search Trees'
(base) saumyamundra@Saumyas-MacBook-Air Binary Search Trees % rm -rf .git
(base) saumyamundra@Saumyas-MacBook-Air Binary Search Trees % ls -al
total 40
drwxr-xr-x   7 saumyamundra  staff  224 Mar  7 16:51 .
drwxr-xr-x  18 saumyamundra  staff  576 Mar  7 16:47 ..
-rw-r--r--   1 saumyamundra  staff  875 Mar  5 16:41 Check Is BST.py
-rw-r--r--   1 saumyamundra  staff  747 Mar  5 12:43 Construct BST.py
-rw-r--r--   1 saumyamundra  staff  126 Mar  5 15:18 Elements between K1 and K2.py
-rw-r--r--   1 saumyamundra  staff  600 Mar  5 15:36 Search in BST.py
-rw-r--r--   1 saumyamundra  staff    8 Mar  5 12:34 tempCodeRunnerFile.py
(base) saumyamundra@Saumyas-MacBook-Air Binary Search Trees % cd -
~/Documents/CodingNinjas_PythonDSA
(base) saumyamundra@Saumyas-MacBook-Air CodingNinjas_PythonDSA % git reset
(base) saumyamundra@Saumyas-MacBook-Air CodingNinjas_PythonDSA % git status
On branch master
Your branch is up to date with 'origin/master'.

Untracked files:
  (use "git add <file>..." to include in what will be committed)
	Applications of Complexity Analysis/
	Binary Search Trees/

nothing added to commit but untracked files present (use "git add" to track)
(base) saumyamundra@Saumyas-MacBook-Air CodingNinjas_PythonDSA % 
